// Jest Snapshot v1, https://goo.gl/fbAQLP

exports[`<AddToCart/> renders and matches snapshotu 1`] = `ShallowWrapper {}`;
