// Jest Snapshot v1, https://goo.gl/fbAQLP

exports[`<Cart/> renders and matches snapshot 1`] = `
"<MockedProvider mocks={{...}} addTypename={false}>
  <ApolloProvider client={{...}}>
    <CartStateProvider>
      <Cart />
    </CartStateProvider>
  </ApolloProvider>
</MockedProvider>"
`;
