// Jest Snapshot v1, https://goo.gl/fbAQLP

exports[`<CartCount/> renders and matches snapshot 1`] = `ShallowWrapper {}`;
