// Jest Snapshot v1, https://goo.gl/fbAQLP

exports[`<DeleteProduct/> renders and matches snapshot 1`] = `
<DeleteProduct
  id="abc123"
>
  <button
    disabled={false}
    onClick={[Function]}
    type="button"
  />
</DeleteProduct>
`;
