// Jest Snapshot v1, https://goo.gl/fbAQLP

exports[`<DisplayError/> renders properly and matches snapshot 1`] = `
<ErrorMessage__ErrorStyles>
  <p
    data-test="graphql-error"
  >
    <strong>
      Oops!
    </strong>
    Error!
  </p>
</ErrorMessage__ErrorStyles>
`;
