// Jest Snapshot v1, https://goo.gl/fbAQLP

exports[`<Products/> renders and matches snapshot 1`] = `ShallowWrapper {}`;
