// Jest Snapshot v1, https://goo.gl/fbAQLP

exports[`<RemoveFromCart/> renders and matches snapshot 1`] = `
<button
  className="RemoveFromCart__BigButton-uvj19x-0 gazHVp"
  disabled={false}
  onClick={[Function]}
  title="Remove from cart"
  type="button"
>
  Ã—
</button>
`;
