// Jest Snapshot v1, https://goo.gl/fbAQLP

exports[`<SingleProduct/> renders and matches snapshot 1`] = `
<SingleProduct
  id="abc123"
>
  <ItemStyles__Item>
    <div
      className="ItemStyles__Item-sc-1cqsy29-0 bnaCVl"
    >
      <img
        alt="Test Product"
        src="dog.jpg"
      />
      <Title>
        <h3
          className="Title-sc-61hg5m-0 kkIpao"
        >
          <Link
            href="/product/abc123"
          >
            <a
              href="/product/abc123"
              onClick={[Function]}
              onMouseEnter={[Function]}
            >
              Test Product
            </a>
          </Link>
        </h3>
      </Title>
      <PriceTag>
        <span
          className="PriceTag-sc-17vnhm5-0 fLBUwy"
        >
          $14.99
        </span>
      </PriceTag>
      <p>
        This is a test product
      </p>
      <div
        className="buttonList"
      >
        <Link
          href={
            Object {
              "pathname": "update",
              "query": Object {
                "id": "abc123",
              },
            }
          }
        >
          <a
            href="/update?id=abc123"
            onClick={[Function]}
            onMouseEnter={[Function]}
          >
            Edit ‚úèÔ∏è
          </a>
        </Link>
        <AddToCart
          id="abc123"
        >
          <button
            disabled={false}
            onClick={[Function]}
            type="button"
          >
            Add
             To Cart üõí
          </button>
        </AddToCart>
        <DeleteProduct
          id="abc123"
        >
          <button
            disabled={false}
            onClick={[Function]}
            type="button"
          >
            Delete
          </button>
        </DeleteProduct>
      </div>
    </div>
  </ItemStyles__Item>
</SingleProduct>
`;
